=== tests/namespace_test.jiang ===
program line=1 type=<none>
  import alias=U path="utils.jiang" line=1 type=<none> symbol=U:namespace
  var_decl name=result line=3 type=Int symbol=result:var
    type_base value=Int line=0 type=Int
    func_call line=3 type=Int
      member_access member=add line=3 type=Int symbol=add:func
        identifier name=U line=3 type=<none> symbol=U:namespace
      number value=100 line=3 type=Int
      number value=200 line=3 type=Int
  func_call line=4 type=void
    identifier name=assert line=4 type=void symbol=assert:func
    binary_expr op=25 line=4 type=Int
      identifier name=result line=4 type=Int symbol=result:var
      number value=300 line=4 type=Int
  func_call line=6 type=void
    identifier name=assert line=6 type=void symbol=assert:func
    binary_expr op=25 line=6 type=Int!
      member_access member=global_val line=6 type=Int! symbol=global_val:var
        identifier name=U line=6 type=<none> symbol=U:namespace
      number value=100 line=6 type=Int
  func_call line=8 type=void
    identifier name=print line=8 type=void symbol=print:func
    string value="Namespace test passed!\n" line=8 type=UInt8[]
=== tests/struct_test.jiang ===
program line=1 type=<none>
  struct_decl name=Point line=2 type=<none> symbol=Point:struct
    var_decl name=x line=3 type=Int symbol=x:var
      type_base value=Int line=0 type=Int
    var_decl name=y line=3 type=Int symbol=y:var
      type_base value=Int line=0 type=Int
    init_decl line=8 type=<none>
      var_decl name=ix line=5 type=<none>
        type_base value=Int line=0 type=Int
      var_decl name=iy line=5 type=<none>
        type_base value=Int line=0 type=Int
      block line=5 type=<none>
        binary_expr op=24 line=6 type=<none>
          identifier name=x line=6 type=<none>
          identifier name=ix line=6 type=<none>
        binary_expr op=24 line=7 type=<none>
          identifier name=y line=7 type=<none>
          identifier name=iy line=7 type=<none>
    func_decl name=distance line=10 type=<none> symbol=distance:func
      type_base value=Int line=0 type=Int
      var_decl name=p line=10 type=<none>
        type_base value=Point line=0 type=Point
      block line=10 type=<none>
        return_stmt line=11 type=Int
          binary_expr op=11 line=11 type=Int
            binary_expr op=14 line=11 type=Int
              binary_expr op=10 line=11 type=Int
                identifier name=x line=11 type=Int symbol=x:var
                member_access member=x line=11 type=Int
                  identifier name=p line=11 type=Point symbol=p:param
              binary_expr op=10 line=11 type=Int
                identifier name=x line=11 type=Int symbol=x:var
                member_access member=x line=11 type=Int
                  identifier name=p line=11 type=Point symbol=p:param
            binary_expr op=14 line=11 type=Int
              binary_expr op=10 line=11 type=Int
                identifier name=y line=11 type=Int symbol=y:var
                member_access member=y line=11 type=Int
                  identifier name=p line=11 type=Point symbol=p:param
              binary_expr op=10 line=11 type=Int
                identifier name=y line=11 type=Int symbol=y:var
                member_access member=y line=11 type=Int
                  identifier name=p line=11 type=Point symbol=p:param
  var_decl name=p1 line=15 type=Point symbol=p1:var
    type_base value=Point line=0 type=Point
    func_call line=15 type=Point
      identifier name=Point line=15 type=Point symbol=Point:struct
      number value=10 line=15 type=Int
      number value=20 line=15 type=Int
  var_decl name=p2 line=16 type=Point symbol=p2:var
    type_base value=Point line=0 type=Point
    struct_init_expr line=16 type=Point
      type_base value=Point line=0 type=Point
      number value=5 line=16 type=Int
      number value=5 line=16 type=Int
  var_decl name=dist line=18 type=Int symbol=dist:var
    type_base value=Int line=0 type=Int
    func_call line=18 type=Int
      member_access member=distance line=18 type=Int symbol=distance:func
        identifier name=p1 line=18 type=Point symbol=p1:var
      identifier name=p2 line=18 type=Point symbol=p2:var
=== tests/loop_test.jiang ===
program line=1 type=<none>
  var_decl name=sum_while line=2 type=Int! symbol=sum_while:var
    type_mutable value=Int! line=0 type=Int!
      type_base value=Int line=0 type=Int
    number value=0 line=2 type=Int
  var_decl name=i line=3 type=Int! symbol=i:var
    type_mutable value=Int! line=0 type=Int!
      type_base value=Int line=0 type=Int
    number value=0 line=3 type=Int
  while_stmt line=5 type=<none>
    binary_expr op=28 line=5 type=Int!
      identifier name=i line=5 type=Int! symbol=i:var
      number value=5 line=5 type=Int
    block line=5 type=<none>
      binary_expr op=24 line=6 type=Int!
        identifier name=sum_while line=6 type=Int! symbol=sum_while:var
        binary_expr op=11 line=6 type=Int!
          identifier name=sum_while line=6 type=Int! symbol=sum_while:var
          identifier name=i line=6 type=Int! symbol=i:var
      binary_expr op=24 line=7 type=Int!
        identifier name=i line=7 type=Int! symbol=i:var
        binary_expr op=11 line=7 type=Int!
          identifier name=i line=7 type=Int! symbol=i:var
          number value=1 line=7 type=Int
  func_call line=9 type=void
    identifier name=assert line=9 type=void symbol=assert:func
    binary_expr op=25 line=9 type=Int!
      identifier name=sum_while line=9 type=Int! symbol=sum_while:var
      number value=10 line=9 type=Int
  var_decl name=sum_for line=11 type=Int! symbol=sum_for:var
    type_mutable value=Int! line=0 type=Int!
      type_base value=Int line=0 type=Int
    number value=0 line=11 type=Int
  for_stmt line=12 type=<none>
    pattern name=j line=12 type=Int symbol=j:var
      type_base value=Int line=0 type=Int
    range_expr line=12 type=<none>
      number value=0 line=12 type=<none>
      number value=5 line=12 type=<none>
    block line=12 type=<none>
      binary_expr op=24 line=13 type=Int!
        identifier name=sum_for line=13 type=Int! symbol=sum_for:var
        binary_expr op=11 line=13 type=Int!
          identifier name=sum_for line=13 type=Int! symbol=sum_for:var
          identifier name=j line=13 type=Int symbol=j:var
  func_call line=15 type=void
    identifier name=assert line=15 type=void symbol=assert:func
    binary_expr op=25 line=15 type=Int!
      identifier name=sum_for line=15 type=Int! symbol=sum_for:var
      number value=10 line=15 type=Int
  var_decl name=count line=18 type=Int! symbol=count:var
    type_mutable value=Int! line=0 type=Int!
      type_base value=Int line=0 type=Int
    number value=0 line=18 type=Int
  for_stmt line=19 type=<none>
    pattern name=x line=19 type=Int symbol=x:var
      type_base value=Int line=0 type=Int
    range_expr line=19 type=<none>
      number value=0 line=19 type=<none>
      number value=3 line=19 type=<none>
    block line=19 type=<none>
      for_stmt line=20 type=<none>
        pattern name=y line=20 type=Int symbol=y:var
          type_base value=Int line=0 type=Int
        range_expr line=20 type=<none>
          number value=0 line=20 type=<none>
          number value=3 line=20 type=<none>
        block line=20 type=<none>
          binary_expr op=24 line=21 type=Int!
            identifier name=count line=21 type=Int! symbol=count:var
            binary_expr op=11 line=21 type=Int!
              identifier name=count line=21 type=Int! symbol=count:var
              number value=1 line=21 type=Int
  func_call line=24 type=void
    identifier name=assert line=24 type=void symbol=assert:func
    binary_expr op=25 line=24 type=Int!
      identifier name=count line=24 type=Int! symbol=count:var
      number value=9 line=24 type=Int
  func_call line=26 type=void
    identifier name=print line=26 type=void symbol=print:func
    string value="loop_test passed!\n" line=26 type=UInt8[]
=== tests/switch_test.jiang ===
program line=1 type=<none>
  enum_decl name=Kind line=1 type=Kind symbol=Kind:enum
    type_base value=Int line=0 type=Int
    number value=0 line=2 type=<none>
    number value=1 line=3 type=<none>
  union_decl name=MyUnion line=6 type=<none> symbol=MyUnion:struct
    var_decl name=a line=7 type=<none>
      type_base value=Int line=0 type=Int
    var_decl name=b line=8 type=<none>
      type_base value=Int line=0 type=Int
  var_decl name=x line=11 type=MyUnion symbol=x:var
    type_base value=MyUnion line=0 type=MyUnion
    func_call line=11 type=MyUnion
      member_access member=a line=11 type=MyUnion
        identifier name=MyUnion line=11 type=MyUnion symbol=MyUnion:struct
      number value=123 line=11 type=Int
  var_decl name=captured line=12 type=Int symbol=captured:var
    type_base value=Int line=0 type=Int
    number value=0 line=12 type=Int
  switch_stmt line=14 type=<none>
    identifier name=x line=14 type=MyUnion symbol=x:var
    switch_case line=15 type=<none>
      func_call line=15 type=MyUnion
        member_access member=a line=15 type=MyUnion
          identifier name=MyUnion line=15 type=MyUnion symbol=MyUnion:struct
        pattern name=value line=15 type=Int symbol=value:var
          type_base value=_ line=0 type=_
      block line=15 type=<none>
        binary_expr op=24 line=16 type=Int
          identifier name=captured line=16 type=Int symbol=captured:var
          identifier name=value line=16 type=Int symbol=value:var
    switch_case line=19 type=<none>
      func_call line=19 type=MyUnion
        member_access member=b line=19 type=MyUnion
          identifier name=MyUnion line=19 type=MyUnion symbol=MyUnion:struct
        pattern name=v line=19 type=Int symbol=v:var
          type_base value=_ line=0 type=_
      block line=19 type=<none>
        binary_expr op=24 line=20 type=Int
          identifier name=captured line=20 type=Int symbol=captured:var
          number value=999 line=20 type=Int
    block line=23 type=<none>
      binary_expr op=24 line=24 type=Int
        identifier name=captured line=24 type=Int symbol=captured:var
        unary_expr op=10 line=24 type=Int
          number value=1 line=24 type=Int
  func_call line=28 type=void
    identifier name=assert line=28 type=void symbol=assert:func
    binary_expr op=25 line=28 type=Int
      identifier name=captured line=28 type=Int symbol=captured:var
      number value=123 line=28 type=Int
  var_decl name=y line=30 type=MyUnion symbol=y:var
    type_base value=MyUnion line=0 type=MyUnion
    func_call line=30 type=MyUnion
      member_access member=b line=30 type=MyUnion
        identifier name=MyUnion line=30 type=MyUnion symbol=MyUnion:struct
      number value=35 line=30 type=Int
  var_decl name=seen line=31 type=Int symbol=seen:var
    type_base value=Int line=0 type=Int
    number value=0 line=31 type=Int
  switch_stmt line=33 type=<none>
    identifier name=y line=33 type=MyUnion symbol=y:var
    switch_case line=34 type=<none>
      func_call line=34 type=MyUnion
        member_access member=a line=34 type=MyUnion
          identifier name=MyUnion line=34 type=MyUnion symbol=MyUnion:struct
        pattern name=value line=34 type=Int symbol=value:var
          type_base value=_ line=0 type=_
      block line=34 type=<none>
        binary_expr op=24 line=35 type=Int
          identifier name=captured line=35 type=Int symbol=captured:var
          identifier name=value line=35 type=Int symbol=value:var
    switch_case line=38 type=<none>
      func_call line=38 type=MyUnion
        member_access member=b line=38 type=MyUnion
          identifier name=MyUnion line=38 type=MyUnion symbol=MyUnion:struct
        pattern name=value line=38 type=Int symbol=value:var
          type_base value=_ line=0 type=_
      block line=38 type=<none>
        binary_expr op=24 line=39 type=Int
          identifier name=seen line=39 type=Int symbol=seen:var
          identifier name=value line=39 type=Int symbol=value:var
    block line=42 type=<none>
      binary_expr op=24 line=43 type=Int
        identifier name=captured line=43 type=Int symbol=captured:var
        unary_expr op=10 line=43 type=Int
          number value=1 line=43 type=Int
  func_call line=47 type=void
    identifier name=assert line=47 type=void symbol=assert:func
    binary_expr op=25 line=47 type=Int
      identifier name=seen line=47 type=Int symbol=seen:var
      number value=35 line=47 type=Int
  func_call line=48 type=void
    identifier name=print line=48 type=void symbol=print:func
    string value="switch_test passed!\n" line=48 type=UInt8[]
